src/App.tsx(4,14): error TS6133: 'Download' is declared but its value is never read.
src/components/DataTransformation.tsx(2,46): error TS6133: 'AlertCircle' is declared but its value is never read.
src/components/ErrorBoundary.tsx(1,8): error TS6133: 'React' is declared but its value is never read.
src/components/Sidebar.tsx(2,96): error TS6133: 'Brain' is declared but its value is never read.
src/components/Sidebar.tsx(2,103): error TS6133: 'Database' is declared but its value is never read.
src/components/Sidebar.tsx(2,113): error TS6133: 'Plus' is declared but its value is never read.
src/components/Sidebar.tsx(2,119): error TS6133: 'Trash2' is declared but its value is never read.
src/components/SuggestionsPanel.tsx(2,55): error TS6133: 'X' is declared but its value is never read.
src/context/ProjectContext.tsx(8,3): error TS6133: 'AnalysisResult' is declared but its value is never read.
src/context/ProjectContext.tsx(9,3): error TS6133: 'MLResultEntry' is declared but its value is never read.
src/context/ProjectContext.tsx(14,3): error TS6133: 'DatasetVersion' is declared but its value is never read.
src/context/ProjectContext.tsx(15,3): error TS6133: 'ExplainableInsight' is declared but its value is never read.
src/pages/AdvancedAnalytics.tsx(1,27): error TS6133: 'useMemo' is declared but its value is never read.
src/pages/AdvancedAnalytics.tsx(2,21): error TS6133: 'TrendingUp' is declared but its value is never read.
src/pages/AdvancedAnalytics.tsx(2,61): error TS6133: 'Target' is declared but its value is never read.
src/pages/AdvancedAnalytics.tsx(3,19): error TS2305: Module '"../types"' has no exported member 'StatisticalTest'.
src/pages/AdvancedAnalytics.tsx(3,36): error TS2305: Module '"../types"' has no exported member 'DataQualityReport'.
src/pages/AdvancedAnalytics.tsx(3,55): error TS2305: Module '"../types"' has no exported member 'DataQualityIssue'.
src/pages/AdvancedAnalytics.tsx(4,15): error TS6133: 'Scatter' is declared but its value is never read.
src/pages/AdvancedAnalytics.tsx(44,9): error TS6133: 'categoricalColumns' is declared but its value is never read.
src/pages/AdvancedAnalytics.tsx(443,37): error TS7006: Parameter 'issue' implicitly has an 'any' type.
src/pages/AdvancedAnalytics.tsx(443,44): error TS7006: Parameter 'index' implicitly has an 'any' type.
src/pages/AdvancedAnalytics.tsx(477,46): error TS7006: Parameter 'recommendation' implicitly has an 'any' type.
src/pages/AdvancedAnalytics.tsx(477,62): error TS7006: Parameter 'index' implicitly has an 'any' type.
src/pages/DataAnalysis.tsx(4,1): error TS6133: 'StatsCard' is declared but its value is never read.
src/pages/DataAnalysis.tsx(6,20): error TS6133: 'Scatter' is declared but its value is never read.
src/pages/DataAnalysis.tsx(154,25): error TS18047: 'b' is possibly 'null'.
src/pages/DataAnalysis.tsx(154,38): error TS18047: 'a' is possibly 'null'.
src/pages/DataAnalysis.tsx(410,49): error TS6133: 'i' is declared but its value is never read.
src/pages/MLAnalysis.tsx(52,10): error TS6133: 'targetColumn' is declared but its value is never read.
src/pages/MLAnalysis.tsx(52,24): error TS6133: 'setTargetColumn' is declared but its value is never read.
src/pages/MLAnalysis.tsx(144,15): error TS6133: 'uniqueValues' is declared but its value is never read.
src/pages/MLAnalysis.tsx(150,35): error TS2345: Argument of type 'unknown' is not assignable to parameter of type 'number'.
src/pages/MLAnalysis.tsx(374,70): error TS7006: Parameter 'assignment' implicitly has an 'any' type.
src/pages/MLAnalysis.tsx(462,38): error TS7006: Parameter 'insight' implicitly has an 'any' type.
src/pages/MLAnalysis.tsx(462,47): error TS7006: Parameter 'index' implicitly has an 'any' type.
src/utils/exporters.ts(6,10): error TS6133: 'Dataset' is declared but its value is never read.
src/utils/exporters.ts(6,45): error TS6133: 'MLResultEntry' is declared but its value is never read.
src/utils/exporters.ts(15,3): error TS6133: 'columns' is declared but its value is never read.
src/utils/exporters.ts(46,9): error TS2739: Type '{ schemaVersion: string; projectName: string; originalDataset: any; processedDataset: any; history: HistoryEntry[]; charts: ChartConfig[]; analysisResults: any[]; ... 4 more ...; versions: ProjectVersion[]; }' is missing the following properties from type 'DIPProject': datasets, activeDatasetId, workflowHistory, datasetVersions, insights
src/utils/exporters.ts(49,28): error TS2339: Property 'originalDataset' does not exist on type 'ProjectState'.
src/utils/exporters.ts(50,29): error TS2339: Property 'processedDataset' does not exist on type 'ProjectState'.
src/utils/exporters.ts(123,13): error TS2339: Property 'processedDataset' does not exist on type 'ProjectState'.
src/utils/exporters.ts(124,22): error TS2339: Property 'processedDataset' does not exist on type 'ProjectState'.
src/utils/exporters.ts(153,50): error TS7006: Parameter 'col' implicitly has an 'any' type.
